// Jest Snapshot v1, https://goo.gl/fbAQLP

exports[`renders a form 1`] = `
Array [
  <div
    className="form-content"
  >
    <form
      className="form"
      onSubmit={[Function]}
    >
      <div
        className="form-inputs"
      >
        <label
          className="form-label"
        >
          ALIAS
        </label>
        <input
          className="form-input"
          name="alias"
          onChange={[Function]}
          placeholder="Entrez votre alias"
          required={true}
          type="text"
          value=""
        />
      </div>
      <div
        className="form-inputs"
      >
        <label
          className="form-label"
        >
          EMAIL
        </label>
        <input
          className="form-input"
          name="email"
          onChange={[Function]}
          placeholder="Entrez votre e-mail"
          required={true}
          type="email"
          value=""
        />
      </div>
      <div
        className="form-inputs"
      >
        <label
          className="form-label"
        >
          NAISSANCE
        </label>
        <input
          className="form-input"
          name="naissance"
          onChange={[Function]}
          required={true}
          type="date"
          value=""
        />
      </div>
      <div
        className="form-inputs"
      >
        <label
          className="form-label"
        >
          TAILLE
        </label>
        <input
          className="form-input"
          min="100"
          name="alias"
          onChange={[Function]}
          placeholder="Entrez votre taille"
          required={true}
          type="number"
          value={160}
        />
      </div>
      <div
        className="form-inputs"
      >
        <label
          className="form-label"
        >
          POIDS
        </label>
        <input
          className="form-input"
          min="30"
          name="alias"
          onChange={[Function]}
          placeholder="Entrez votre poids"
          required={true}
          type="number"
          value={40}
        />
      </div>
      <div
        className="form-inputs"
      >
        <label
          className="form-label"
        >
          MOT DE PASSE
        </label>
        <input
          className="form-input"
          name="password"
          onChange={[Function]}
          pattern=".{6,}"
          placeholder="Entrez mot de passe de plus de 6 caractères"
          required={true}
          type="password"
          value=""
        />
      </div>
      <div
        class="form-check form-switch"
      >
        <input
          id="agree"
          onChange={[Function]}
          required={true}
          type="checkbox"
        />
        <label
          htmlFor="agree"
        >
          J'ACCEPTE 
          <b>
            <a
              href="/conditions"
              onClick={[Function]}
              style={
                Object {
                  "color": "white",
                }
              }
            >
               LES CONDITIONS GÉNÉRALES ET LA POLITIQUE DE CONFIDENTIALITÉ 
            </a>
          </b>
        </label>
      </div>
      <button
        className="form-input-btn"
        type="submit"
      >
        S'INSCRIRE
      </button>
    </form>
  </div>,
  ";",
]
`;
